// Jest Snapshot v1, https://goo.gl/fbAQLP

exports[`RegisterForm should render register form 1`] = `
<RegisterForm>
  <form
    className="form"
    onSubmit={[Function]}
  >
    <FormLabel
      name="username"
    >
      <label
        className="form__label"
        htmlFor="username"
      >
        Username
      </label>
    </FormLabel>
    <FormInput
      eventHandler={[Function]}
      name="username"
      placeholder="Enter your username"
      type="text"
    >
      <input
        className="form__input"
        name="username"
        onChange={[Function]}
        placeholder="Enter your username"
        type="text"
      />
    </FormInput>
    <ThrowErrors />
    <FormLabel
      name="email"
    >
      <label
        className="form__label"
        htmlFor="email"
      >
        Email
      </label>
    </FormLabel>
    <FormInput
      eventHandler={[Function]}
      name="email"
      placeholder="Enter your email"
      type="email"
    >
      <input
        className="form__input"
        name="email"
        onChange={[Function]}
        placeholder="Enter your email"
        type="email"
      />
    </FormInput>
    <ThrowErrors />
    <FormLabel
      name="password"
    >
      <label
        className="form__label"
        htmlFor="password"
      >
        Password
      </label>
    </FormLabel>
    <FormInput
      eventHandler={[Function]}
      name="password"
      placeholder="Enter your password"
      type="password"
    >
      <input
        className="form__input"
        name="password"
        onChange={[Function]}
        placeholder="Enter your password"
        type="password"
      />
    </FormInput>
    <ThrowErrors />
    <FormLabel
      name="password2"
      text="Confirm password"
    >
      <label
        className="form__label"
        htmlFor="password2"
      >
        Confirm password
      </label>
    </FormLabel>
    <FormInput
      eventHandler={[Function]}
      name="password2"
      placeholder="Confirm your password"
      type="password"
    >
      <input
        className="form__input"
        name="password2"
        onChange={[Function]}
        placeholder="Confirm your password"
        type="password"
      />
    </FormInput>
    <ThrowErrors />
    <button
      className="button button_full_width"
      type="submit"
    >
      Register
    </button>
  </form>
</RegisterForm>
`;
